// Jest Snapshot v1, https://goo.gl/fbAQLP

exports[`MenuTrigger renders a default state 1`] = `
<button
  onClick={[Function]}
>
  Menu trigger
</button>
`;
